[newroman.net/identicon/index.html]
[backblue.gif]
[fade.gif]
[index.html]
[newroman.net/identicon/css/normalize.css]
[newroman.net/identicon/css/sticky-footer.css]
[newroman.net/identicon/js/vendor/modernizr-2.6.2-respond-1.1.0.min.js]
[newroman.net/identicon/css/bootstrap.min.css]
[newroman.net/identicon/js/vendor/pnglib.js]
[newroman.net/identicon/js/vendor/identicon.js]
[newroman.net/identicon/js/vendor/sha.js]
[newroman.net/identicon/img/identicon.png]
[github.com/stewartlord/identicon.html]
[newroman.net/identicon/js/vendor/jquery-1.11.0.min.js]
[newroman.net/identicon/js/main.js]
[newroman.net/identicon/js/vendor/bootstrap.min.js]
[newroman.net/identicon/index.html]
[newroman.net/identicon/css/normalize.css]
[newroman.net/identicon/css/sticky-footer.css]
[newroman.net/identicon/fonts/glyphicons-halflings-regular.woff]
[newroman.net/identicon/css/bootstrap.min.css]
[github.githubassets.com/assets/light-5178aee0ee76.css]
[github.githubassets.com/assets/dark-217d4f9c8e70.css]
[github.githubassets.com/assets/dark_dimmed-0adfa28f0e68.css]
[github.githubassets.com/assets/dark_high_contrast-1c8575b36644.css]
[github.githubassets.com/assets/dark_colorblind-5113d2be20b0.css]
[github.githubassets.com/assets/light_colorblind-c96add742484.css]
[github.githubassets.com/assets/light_high_contrast-290f92f5e867.css]
[github.githubassets.com/assets/light_tritanopia-cdd88f146bf7.css]
[github.githubassets.com/assets/dark_tritanopia-2171ea0f078b.css]
[github.githubassets.com/assets/primer-f25e22b75f12.css]
[github.githubassets.com/assets/global-3ba07bcfee8b.css]
[github.githubassets.com/assets/github-9762f2dcc305.css]
[github.githubassets.com/assets/code-ce62386aea52.css]
[github.githubassets.com/assets/wp-runtime-07cf855d85a2.js]
[github.githubassets.com/assets/vendors-node_modules_manuelpuyol_turbo_dist_turbo_es2017-esm_js-7ca92c8d513d.js]
[github.githubassets.com/assets/vendors-node_modules_stacktrace-parser_dist_stack-trace-parser_esm_js-node_modules_github_bro-d351f6-c1d63d230b29.js]
[github.githubassets.com/assets/environment-17af8e6b998e.js]
[github.githubassets.com/assets/vendors-node_modules_selector-observer_dist_index_esm_js-650337916dbd.js]
[github.githubassets.com/assets/vendors-node_modules_delegated-events_dist_index_js-node_modules_github_details-dialog-elemen-63debe-4a2f37f7419e.js]
[github.githubassets.com/assets/vendors-node_modules_github_auto-complete-element_dist_index_js-node_modules_github_catalyst_-6afc16-fa4f01d20b81.js]
[github.githubassets.com/assets/vendors-node_modules_fzy_js_index_js-node_modules_github_markdown-toolbar-element_dist_index_js-5936f45973f5.js]
[github.githubassets.com/assets/vendors-node_modules_github_time-elements_dist_index_js-74b4ec51ce20.js]
[github.githubassets.com/assets/vendors-node_modules_github_file-attachment-element_dist_index_js-node_modules_github_filter--6a5bff-93edd18dab1d.js]
[github.githubassets.com/assets/github-elements-47df4383add3.js]
[github.githubassets.com/assets/element-registry-0c76aedf699a.js]
[github.githubassets.com/assets/vendors-node_modules_lit-html_lit-html_js-e954e8c01c93.js]
[github.githubassets.com/assets/vendors-node_modules_github_mini-throttle_dist_index_js-node_modules_github_remote-form_dist_-ece2b0-917c0dad4566.js]
[github.githubassets.com/assets/vendors-node_modules_github_alive-client_dist_index_js-node_modules_github_memoize_dist_esm_i-fab77c-ff9d9fde6bc6.js]
[github.githubassets.com/assets/vendors-node_modules_primer_behaviors_dist_esm_dimensions_js-node_modules_github_hydro-analyt-f69502-65a022907302.js]
[github.githubassets.com/assets/vendors-node_modules_github_filter-input-element_dist_index_js-node_modules_github_paste-mark-c3e01c-5a047723cd89.js]
[github.githubassets.com/assets/app_assets_modules_github_updatable-content_ts-62df1309213c.js]
[github.githubassets.com/assets/app_assets_modules_github_sticky-scroll-into-view_ts-5035229a4e5d.js]
[github.githubassets.com/assets/app_assets_modules_github_behaviors_keyboard-shortcuts-helper_ts-app_assets_modules_github_be-ac2ea2-fda9c90f5f33.js]
[github.githubassets.com/assets/app_assets_modules_github_behaviors_commenting_edit_ts-app_assets_modules_github_behaviors_ht-83c235-02b38260d85d.js]
[github.githubassets.com/assets/app_assets_modules_github_behaviors_batch-deferred-content_ts-app_assets_modules_github_behav-dc1370-6ae08b176c11.js]
[github.githubassets.com/assets/behaviors-d3bc063f6602.js]
[github.githubassets.com/assets/vendors-node_modules_delegated-events_dist_index_js-node_modules_github_catalyst_lib_index_js-06ff533-60844731e2b9.js]
[github.githubassets.com/assets/notifications-global-e71e7f99b10d.js]
[github.githubassets.com/assets/vendors-node_modules_optimizely_optimizely-sdk_dist_optimizely_browser_es_min_js-node_modules-4de5ed-a1d36fafc3a7.js]
[github.githubassets.com/assets/optimizely-f0f455045cd1.js]
[github.githubassets.com/assets/vendors-node_modules_virtualized-list_es_index_js-node_modules_github_template-parts_lib_index_js-17ccfc4926a4.js]
[github.githubassets.com/assets/vendors-node_modules_github_remote-form_dist_index_js-node_modules_delegated-events_dist_inde-911b971-f07ca953804c.js]
[github.githubassets.com/assets/app_assets_modules_github_ref-selector_ts-8c0f66968207.js]
[github.githubassets.com/assets/codespaces-fe50228d51b3.js]
[github.githubassets.com/assets/vendors-node_modules_github_filter-input-element_dist_index_js-node_modules_github_mini-throt-bb75aa-97625d2d4f26.js]
[github.githubassets.com/assets/vendors-node_modules_github_file-attachment-element_dist_index_js-node_modules_github_mini-th-699a01-5abf39efc269.js]
[github.githubassets.com/assets/repositories-5476fe6f1cd1.js]
[github.githubassets.com/assets/topic-suggestions-fa7cfc72919a.js]
[github.githubassets.com/assets/code-menu-040f230b830a.js]
[github.com/fluidicon.png]
[github.githubassets.com/favicons/favicon.png]
[github.githubassets.com/assets/vendors-node_modules_github_remote-form_dist_index_js-node_modules_delegated-events_dist_inde-94fd67-30d1a2e5d8ef.js]
[github.githubassets.com/assets/sessions-239675566f74.js]
[github.com/loginbf2b.html]
[github.com/signup5b77.html]
[github.com/login61d4.html]
[github.com/stewartlord/identicon.js/blob/master/LICENSE.html]
[github.com/stewartlord/identicon.js/stargazers.html]
[github.com/stewartlord/identicon.js/network/members.html]
[github.com/stewartlord/identicon.js/issues.html]
[github.com/stewartlord/identicon.js/pulls.html]
[github.com/stewartlord/identicon.js/actions.html]
[github.com/stewartlord/identicon.js/projects4494.html]
[github.com/stewartlord/identicon.js/security.html]
[github.com/stewartlord/identicon.js/security/overall-count.53.delayed]
[github.com/stewartlord/identicon.js/pulse.html]
[github.com/stewartlord/identicon.js/spoofed_commit_check/7063ae16142fd39d3563699b9af2dc321326ff52.html]
[github.com/stewartlord/identicon.js/tree/{{ urlEncodedRefName }}.57.delayed]
[github.com/stewartlord/identicon.js/branches.58.delayed]
[github.com/stewartlord/identicon.js/tags.html]
[github.com/stewartlord/identicon.js/overview_actions/master.html]
[github.com/stewartlord/identicon.js/commits4b61.html]
[github.com/stewartlord/identicon.js/commit/7063ae16142fd39d3563699b9af2dc321326ff52.html]
[github.com/stewartlord/identicon.js/commit/7063ae16142fd39d3563699b9af2dc321326ff52/rollupabee.html]
[github.com/stewartlord/identicon.js/commits/master.html]
[github.com/stewartlord/identicon.js/tree/7063ae16142fd39d3563699b9af2dc321326ff52.html]
[github.com/stewartlord/identicon.js/blob/master/.html]
[github.com/stewartlord/identicon.js/commit/513d087684f83f07359482adf49fb9d83b08fbbc.html]
[github.com/stewartlord/identicon.js/commit/acd9273d211dc4e6860d34a8396b750d484d40a9.html]
[github.com/stewartlord/identicon.js/blob/master/README.html]
[github.com/stewartlord/identicon.js/blob/master/bower.html]
[github.com/stewartlord/identicon.js/commit/4fad7cafec1b7a4d896015e084e861625ef5d64f.html]
[github.com/stewartlord/identicon.js/blob/master/demo.html]
[github.com/stewartlord/identicon.js/blob/master/identicon.html]
[github.com/stewartlord/identicon.js/blob/master/package.html]
[github.com/stewartlord/identicon.js/blob/master/pnglib.html]
[github.com/stewartlord/identicon.js/commit/5f1d8025a8fdac561999aeb406919ee26cb45a89.html]
[github.com/stewartlord/identicon.js/blob/master/screenshot.html]
[github.com/stewartlord/identicon.js/commit/c89c1793d2240112a859b086abb76e38d46f5336.html]
[raw.githubusercontent.com/stewartlord/identicon.js/master/screenshot.png]
[cdnjs.com/libraries/identicon.html]
[www.npmjs.com/package/identicon.html]
[github.com/stewartlord/new.73.delayed]
[github.com/stewartlord/_data_image/png;base64,'.74.delayed]
[github.com/stewartlord/_data_image/svg+xml;base64,'.75.delayed]
[www.xarg.org/download/pnglib.js]
[github.com/stewartlord/identicon.js/watchers.html]
[github.com/stewartlord/identicon.js/releases.html]
[github.com/stewartlord/identicon.js/releases/tag/v2.3.html]
[github.com/stewartlord3486.html]
[github.com/stewartlord/identicon.js/network/dependents.html]
[github.com/stewartlord/identicon.js/graphs/contributors.html]
[github.com/stewartlord/identicon.js/searchd9f4.html]
[github.com/stewartlord/identicon.html]
[newroman.net/identicon/fonts/glyphicons-halflings-regular.html]
[newroman.net/identicon/fonts/glyphicons-halflings-regulard41d.html]
[newroman.net/identicon/fonts/glyphicons-halflings-regular-2.html]
[newroman.net/identicon/fonts/glyphicons-halflings-regular-3.html]
[github.githubassets.com/assets/light-5178aee0ee76.css]
[github.githubassets.com/assets/dark-217d4f9c8e70.css]
[github.githubassets.com/assets/dark_dimmed-0adfa28f0e68.css]
[github.githubassets.com/assets/dark_high_contrast-1c8575b36644.css]
[github.githubassets.com/assets/dark_colorblind-5113d2be20b0.css]
[github.githubassets.com/assets/light_colorblind-c96add742484.css]
[github.githubassets.com/assets/light_high_contrast-290f92f5e867.css]
[github.githubassets.com/assets/light_tritanopia-cdd88f146bf7.css]
[github.githubassets.com/assets/dark_tritanopia-2171ea0f078b.css]
[github.com/stewartlord/identicon.js/search72d8.html]
[github.githubassets.com/images/spinners/octocat-spinner-16px.gif]
[github.githubassets.com/images/modules/ajax/success.png]
[github.githubassets.com/images/modules/ajax/error.png]
[github.githubassets.com/images/spinners/octocat-spinner-32.gif]
[github.githubassets.com/images/modules/ajax/success@2x.png]
[github.githubassets.com/images/modules/ajax/error@2x.png]
[github.githubassets.com/images/spinners/octocat-spinner-32-EAF2F5.gif]
[github.githubassets.com/assets/primer-f25e22b75f12.css]
[github.githubassets.com/images/spinners/octocat-spinner-16px-EAF2F5.gif]
[github.githubassets.com/images/modules/pagehead/background-yellowhatch-v3.png]
[github.githubassets.com/assets/global-3ba07bcfee8b.css]
[github.githubassets.com/images/spinners/octocat-spinner-64.gif]
[github.githubassets.com/images/modules/site/codespaces/dropdown-background-light.png]
[github.githubassets.com/images/modules/site/codespaces/dropdown-background-dark.png]
[github.githubassets.com/images/modules/commit/trans_bg.gif]
[github.githubassets.com/images/spinners/octocat-spinner-128.gif]
[github.githubassets.com/images/modules/memexes/projects-beta-banner-mobile.png]
[github.githubassets.com/images/modules/memexes/projects-beta-banner.png]
[github.githubassets.com/images/modules/memexes/projects-beta-banner-dark.png]
[github.githubassets.com/images/modules/site/sponsors/heart-explosion.png]
[github.githubassets.com/assets/github-9762f2dcc305.css]
[github.githubassets.com/assets/code-ce62386aea52.css]
[github.githubassets.com/assets/app_assets_modules_github_details-dialog_ts-app_assets_modules_github_fetch_ts-app_assets_mod-be3144-d13fc0faad53.js]
[github.githubassets.com/assets/app_assets_modules_github_orgs_invitations_ts-app_assets_modules_github_sudo_ts-e1a71934279f.js]
[github.githubassets.com/assets/settings-2b2f418051d7.js]
[github.com/opensearch.xml]
[github.com/login.html]
[github.com/manifest.json]
[github.com/logine7b6.html]
[github.com/password_reset.html]
[github.com/signupd6a6.html]
[github.com/loginbf2b.html]
[github.githubassets.com/assets/signup-961c3ead67e2.css]
[github.githubassets.com/assets/signup-redesign-def133cf57c5.js]
[github.githubassets.com/assets/signup-a65cb894a587.js]
[github.githubassets.com/assets/site-113765a6413c.css]
[github.githubassets.com/assets/home-06d3899b7964.css]
[github.com/login3f9a.html]
[github.githubassets.com/images/modules/signup/launch_codes/launch-codes-mona-fallback@1x.jpg]
[github.com/email_validity_checks.a8.delayed]
[github.com/password_validity_checks.a9.delayed]
[github.com/signup_check/username.aa.delayed]
[github.com/signup5b77.html]
[github.com/login61d4.html]
[github.com/signupbd57.html]
[github.githubassets.com/assets/vendors-node_modules_github_clipboard-copy-element_dist_index_esm_js-node_modules_github_remo-8e6bec-4a54aa10cc28.js]
[github.githubassets.com/assets/vendors-node_modules_github_mini-throttle_dist_decorators_js-node_modules_scroll-anchoring_di-e71893-60cf13769d05.js]
[github.githubassets.com/assets/app_assets_modules_github_diffs_blob-lines_ts-app_assets_modules_github_diffs_linkable-line-n-dca161-654f411fb0d0.js]
[github.githubassets.com/assets/diffs-f9a50c895aad.js]
[github.com/signup4b5f.html]
[github.com/stewartlord/identicon.js/blob/7063ae16142fd39d3563699b9af2dc321326ff52/LICENSE.html]
[github.com/stewartlord/identicon.js/blob/{{ urlEncodedRefName }}/LICENSE.b9.delayed]
[github.com/stewartlord/identicon.js/find/master.html]
[github.com/stewartlord/identicon.js/contributors/master/LICENSE.html]
[github.com/stewartlord/identicon.js/blame/master/LICENSE.html]
[github.com/stewartlord/identicon.js/blob/master/{{ revealButtonHref }}.bf.delayed]
[github.com/stewartlord/identicon.js/blame/7063ae16142fd39d3563699b9af2dc321326ff52/LICENSE.html]
[github.com/stewartlord/identicon.js/blob/master/LICENSE.html]
[github.com/signup371b.html]
[github.com/stewartlord/identicon.js/stargazers.html]
[github.com/stewartlord/identicon.js/stargazers4658.html]
[github.githubassets.com/assets/insights-27182626bb80.css]
[github.com/signupcfd2.html]
[github.com/stewartlord/identicon.js/community.html]
[github.com/stewartlord/identicon.js/graphs/commit-activity.html]
[github.com/stewartlord/identicon.js/graphs/code-frequency.html]
[github.com/stewartlord/identicon.js/network/dependencies.html]
[github.com/stewartlord/identicon.js/network.html]
[github.com/akhra/identicon.html]
[github.com/algobasket/identicon.html]
[github.com/allisonvarnell/identicon.html]
[github.com/Alx010/identicon.html]
[github.com/amit08255/identicon.html]
[github.com/Anyadan/identicon.html]
[github.com/arimasu/identicon.html]
[github.com/Asa9701/identicon.html]
[github.com/awaissarwar18/identicon.html]
[github.com/bang9/identicon.html]
[github.com/BeCoders/identicon.html]
[github.com/bigorange1900/identicon.html]
[github.com/bilgan/identicon.html]
[github.com/BlakeGuilloud/identicon.html]
[github.com/brock/identicon.html]
[github.com/buildbreakdo/identicon.html]
[github.com/chamerling/identicon.html]
[github.com/ChristophorusX/identicon.html]
[github.com/cmptrx/identicon.html]
[github.com/cooingpop/identicon.html]
[github.com/cooleye/identicon.html]
[github.com/dainst/identicon.html]
[github.com/danielribeiro/identicon.html]
[github.com/dardevelin/identicon.html]
[github.com/davigueras/identicon.html]
[github.com/dminkovsky/identicon.html]
[github.com/dmitryzuev/identicon.html]
[github.com/dometto/identicon.html]
[github.com/dousaitis/identicon.html]
[github.com/dujunhui007/identicon.html]
[github.com/duyet/identicon.html]
[github.com/duyyy/identicon.html]
[github.com/dwrensha/identicon.html]
[github.com/DxCaesar/identicon.html]
[github.com/Dynamo-Softworks/identicon.html]
[github.com/ehynds/identicon.html]
[github.com/Esteban-Rocha/identicon.html]
[github.com/fatmatto/identicon.html]
[github.com/FLamparski/identicon.html]
[github.com/FlickDUB/identicon.html]
[github.com/flutterfirebase/identicon.html]
[github.com/gaohelong/identicon.html]
[github.com/Gigabait/identicon.html]
[github.com/Giulio2002/identicon.html]
[github.com/glacierck/identicon.html]
[github.com/gongyoyo/identicon.html]
[github.com/GoodnessEzeokafor/identicon.html]
[github.com/gre-foundation/identicon.html]
[github.com/h0x91b/identicon.html]
[github.com/hai-ko/identicon.html]
[github.com/hecrj/identicon.html]
[github.com/hodahakim/identicon.html]
[github.com/holmesal/identicon.html]
[github.com/ianluddy/identicon.html]
[github.com/ident-is-icon/identicon.html]
[github.com/intersting-things/identicon.html]
[github.com/ivoryue/identicon.html]
[github.com/jasj/identicon.html]
[github.com/JeffWScott/identicon.html]
[github.com/jmnote/identicon.html]
[github.com/josephlim75/identicon.html]
[github.com/jrlegrand/identicon.html]
[github.com/Julianhm9612/identicon.html]
[github.com/KabbalahOracle/identicon.html]
[github.com/KagamiChan/identicon.html]
[github.com/Kalmani/identicon.html]
[github.com/kevinjamesus86/identicon.html]
[github.com/kgs0142/identicon.html]
[github.com/LEmuRIAatCN/identicon.html]
[github.com/linkedask/identicon.html]
[github.com/LouisAsanaka/identicon.html]
[github.com/LucidityDesign/identicon.html]
[github.com/lukasz-karolewski/identicon.html]
[github.com/lwd-temp/identicon.html]
[github.com/lyh16/identicon.html]
[github.com/masayosh4/identicon.html]
[github.com/mavxg/identicon.html]
[github.com/mcanthony/identicon.html]
[github.com/mitar/identicon.html]
[github.com/mousechsh/identicon.html]
[github.com/myubifoundation/identicon.html]
[github.com/nicovak/identicon.html]
[github.com/ntuanhung/identicon.html]
[github.com/ok3/identicon.html]
[github.com/ookm1020/identicon.html]
[github.com/Oxidosnel/identicon.html]
[github.com/Oyshoboy/identicon.html]
[github.com/pde-rent/identicon.html]
[github.com/petroboiko108/identicon.html]
[github.com/PinkDiamond1/identicon.html]
[github.com/ponsheng/identicon.html]
[github.com/porkchop/identicon.html]
[github.com/ppuleo/identicon.html]
[github.com/tomef/identicon.html]
[github.com/programWhiz/identicon.html]
[github.com/PsTiu/identicon.html]
[github.com/qiurin/identicon.html]
[github.com/quchwe/identicon.html]
[github.com/redboul/identicon.html]
[github.com/Seabizkit/identicon.html]
[github.com/shinonome-inc/identicon.html]
[github.com/skuridin/identicon.html]
[github.com/soonyoung/identicon.html]
[github.com/status-im/identicon.html]
[github.com/isabella232/identicon.html]
[github.com/WePesa/identicon.html]
[github.com/sujunhao/identicon.html]
[github.com/thecocce/identicon.html]
[github.com/thesoftwarefactoryuk/identicon.html]
[github.com/TylerDixon/identicon.html]
[github.com/Usman75/identicon.html]
[github.com/utkarshx/identicon.html]
[github.com/voozoo/identicon.html]
[github.com/Yonn0818/identicon.html]
[github.com/yYang365/identicon.html]
[github.com/stewartlord/identicon.js/network/members.html]
[github.com/zacacollier/identicon.html]
[github.githubassets.com/assets/vendors-node_modules_primer_behaviors_dist_esm_dimensions_js-node_modules_github_catalyst_lib-7f03eb-808c2f44b095.js]
[github.githubassets.com/assets/issues-01bf1bdb81fd.js]
[github.githubassets.com/assets/issue-to-discussion-conversions-f1a3099efb15.js]
[github.githubassets.com/assets/structured-issues-aa8491247b1e.js]
[github.com/signup2f56.html]
[github.com/stewartlord/identicon.js/issues/52.html]
[github.com/stewartlord/identicon.js/issues/created_by/stewartlord.html]
[github.com/stewartlord/identicon.js/labels.html]
[github.com/stewartlord/identicon.js/milestones.html]
[github.com/stewartlord/identicon.js/issuesa141.html]
[github.com/stewartlord/identicon.js/issues6d1a.html]
[github.com/stewartlord/identicon.js/issues/show_menu_contentd974.html]
[github.com/stewartlord/identicon.js/issues/show_menu_contente8ba.html]
[github.com/stewartlord/identicon.js/issues/show_menu_content07f7.html]
[github.com/stewartlord/identicon.js/issues/show_menu_content5a37.html]
[github.com/stewartlord/identicon.js/issues/show_menu_content9b58.html]
[github.com/stewartlord/identicon.js/issues411f.html]
[github.com/stewartlord/identicon.js/issues475a.html]
[github.com/stewartlord/identicon.js/issues48f3.html]
[github.com/stewartlord/identicon.js/issuesd757.html]
[github.com/stewartlord/identicon.js/issues740a.html]
[github.com/stewartlord/identicon.js/issues29b8.html]
[github.com/stewartlord/identicon.js/issues2deb.html]
[github.com/stewartlord/identicon.js/issues459c.html]
[github.com/stewartlord/identicon.js/issues0cfd.html]
[github.com/stewartlord/identicon.js/issues3885.html]
[github.com/stewartlord/identicon.js/issuesf4c8.html]
[github.com/stewartlord/identicon.js/issues86f2.html]
[github.com/stewartlord/identicon.js/issues060b.html]
[github.com/stewartlord/identicon.js/issueseb0c.html]
[github.com/stewartlord/identicon.js/issuesf5e8.html]
[github.com/stewartlord/identicon.js/issues.16ef5b6.delayed]
[github.com/stewartlord/identicon.js/issues.html]
[github.com/signup3181.html]
[github.com/stewartlord/identicon.js/compare.html]
[github.com/stewartlord/identicon.js/pullse309.html]
[github.com/stewartlord/identicon.js/pulls762f.html]
[github.com/stewartlord/identicon.js/issues/show_menu_content8d5a.html]
[github.com/stewartlord/identicon.js/issues/show_menu_content9228.html]
[github.com/stewartlord/identicon.js/issues/show_menu_content400a.html]
[github.com/stewartlord/identicon.js/issues/show_menu_content3a10.html]
[github.com/stewartlord/identicon.js/pullse65e.html]
[github.com/stewartlord/identicon.js/pulls60b1.html]
[github.com/stewartlord/identicon.js/pulls69ac.html]
[github.com/stewartlord/identicon.js/pullsab34.html]
[github.com/stewartlord/identicon.js/issues/show_menu_content96b0.html]
[github.com/stewartlord/identicon.js/pulls9486.html]
[github.com/stewartlord/identicon.js/pulls41bb.html]
[github.com/stewartlord/identicon.js/pullseff9.html]
[github.com/stewartlord/identicon.js/pullsa03c.html]
[github.com/stewartlord/identicon.js/pulls28ff.html]
[github.com/stewartlord/identicon.js/pulls6a93.html]
[github.com/stewartlord/identicon.js/pulls3e26.html]
[github.com/stewartlord/identicon.js/pulls5e85.html]
[github.com/stewartlord/identicon.js/pullsef5c.html]
[github.com/stewartlord/identicon.js/pulls2b8a.html]
[github.com/stewartlord/identicon.js/pullsb302.html]
[github.com/stewartlord/identicon.js/pulls58f0.html]
[github.com/stewartlord/identicon.js/pullseeb1.html]
[github.com/stewartlord/identicon.js/pullsfd7f.html]
[github.com/stewartlord/identicon.js/pulls.html]
[github.com/stewartlord/identicon.js/pullsa80b.html]
[github.githubassets.com/assets/actions-69ec860982ee.css]
[github.githubassets.com/assets/actions-97a7ea6b2c14.js]
[github.com/stewartlord/identicon.js/actions.html]
[github.com/signupf1db.html]
[github.githubassets.com/assets/projects-splash-dialog-8a51df0c93d4.js]
[github.githubassets.com/assets/projects-e154ca32c716.css]
[github.com/stewartlord/identicon.js/projects4494.html]
[github.com/signup4a38.html]
[github.com/signup5326.html]
[github.com/stewartlord/identicon.js/security/policy.html]
[github.com/stewartlord/identicon.js/security.html]
[github.com/stewartlord/identicon.js/security/overall-count.html]
[github.com/stewartlord/identicon.js/security/advisories.html]
[github.com/signup3334.html]
[github.com/stewartlord/identicon.js/pulse/daily.html]
[github.com/stewartlord/identicon.js/pulse/halfweekly.html]
[github.com/stewartlord/identicon.js/pulse.html]
[github.com/stewartlord/identicon.js/spoofed_commit_check/7063ae16142fd39d3563699b9af2dc321326ff52.html]
[github.com/stewartlord/identicon.js/tree/{{ urlEncodedRefName }}.html]
[github.com/stewartlord/identicon.js/branches.html]
[github.com/stewartlord/identicon.js/pulse/monthly.html]
[github.githubassets.com/assets/releases-f3b24bb0662e.css]
[github.com/signupf474.html]
[github.com/stewartlord/identicon.js/releases/tag/2.3.html]
[github.com/stewartlord/identicon.js/releases/tag/2.3-2.html]
[github.com/stewartlord/identicon.js/commit/4904e7d48eec01ce2ca2f0d4edb6f38c5b06fd91.html]
[github.com/stewartlord/identicon.js/releases/tag/2.3-3.html]
[github.com/stewartlord/identicon.js/commit/559a1f40fe811f74a58a3b8ccb3af9ce756dc88e.html]
[github.com/stewartlord/identicon.js/releases/tag/2.2.html]
[github.com/stewartlord/identicon.js/commit/e6933b7c443e6a511cfcfe6774fa5570cf6c2086.html]
[github.com/stewartlord/identicon.js/releases/tag/2.1.html]
[github.com/stewartlord/identicon.js/commit/9adf1d1f93eaf75bb78d8525684f0b409d889ee8.html]
[github.com/stewartlord/identicon.js/releases/tag/v2.1.html]
[github.com/stewartlord/identicon.js/commit/8cb95ccead86ba4bb3bea0f3bae1689c8fc3138a.html]
[github.com/stewartlord/identicon.js/releases/tag/v2.0.html]
[github.com/stewartlord/identicon.js/commit/f30051c119a4850a0761a7aa76723206a4cea010.html]
[github.com/stewartlord/identicon.js/releases/tag/v1.3.html]
[github.com/stewartlord/identicon.js/pull/22.html]
[github.com/stewartlord/identicon.js/commit/032ac8bb711e4ecdebd7a8968d803725bba0ed6d.html]
[github.com/stewartlord/identicon.js/tags.html]
[github.com/stewartlord/identicon.js/overview_actions/master.html]
[github.com/stewartlord/identicon.js/commits/master.atom]
[github.com/signup7d2e.html]
[github.com/stewartlord/identicon.js/commits/{{ urlEncodedRefName }}.1e1.delayed]
[github.com/stewartlord/identicon.js/tree/4fad7cafec1b7a4d896015e084e861625ef5d64f.html]
[github.com/stewartlord/identicon.js/tree/acd9273d211dc4e6860d34a8396b750d484d40a9.html]
[github.com/stewartlord/identicon.js/commit/79043eabeeca800e3834c014745d9a42c5e9b4c5.html]
[github.com/stewartlord/identicon.js/tree/79043eabeeca800e3834c014745d9a42c5e9b4c5.html]
[github.com/stewartlord/identicon.js/commit/0a1383221aff9ff107cd464d3c8cfa0a7da0935c.html]
[github.com/stewartlord/identicon.js/tree/0a1383221aff9ff107cd464d3c8cfa0a7da0935c.html]
[github.com/stewartlord/identicon.js/tree/4904e7d48eec01ce2ca2f0d4edb6f38c5b06fd91.html]
[github.com/stewartlord/identicon.js/tree/559a1f40fe811f74a58a3b8ccb3af9ce756dc88e.html]
[github.com/stewartlord/identicon.js/commit/a06ecf68b26303685ea8cee217898508947f9309.html]
[github.com/stewartlord/identicon.js/tree/a06ecf68b26303685ea8cee217898508947f9309.html]
[github.com/stewartlord/identicon.js/commit/1bf8eb44fd520f2be8aa6ac7a4a72420edd04bb0.html]
[github.com/stewartlord/identicon.js/tree/1bf8eb44fd520f2be8aa6ac7a4a72420edd04bb0.html]
[github.com/stewartlord/identicon.js/tree/c89c1793d2240112a859b086abb76e38d46f5336.html]
[github.com/stewartlord/identicon.js/commit/5a82081d24c006d9a388bc004d82a13632df9ac8.html]
[github.com/stewartlord/identicon.js/tree/5a82081d24c006d9a388bc004d82a13632df9ac8.html]
[github.com/stewartlord/identicon.js/tree/e6933b7c443e6a511cfcfe6774fa5570cf6c2086.html]
[github.com/stewartlord/identicon.js/commit/79591e96d5359b8e6afad7793bbd5edf81d5b525.html]
[github.com/stewartlord/identicon.js/pull/36.html]
[github.com/stewartlord/identicon.js/tree/79591e96d5359b8e6afad7793bbd5edf81d5b525.html]
[github.com/stewartlord/identicon.js/commit/7961557a63af2658cd9f49a57c732c3e1d62f2af.html]
[github.com/stewartlord/identicon.js/pull/34.html]
[github.com/stewartlord/identicon.js/tree/7961557a63af2658cd9f49a57c732c3e1d62f2af.html]
[github.com/stewartlord/identicon.js/commit/359c665205a6552872f0668f47ee9f41d6134ab0.html]
[github.com/stewartlord/identicon.js/pull/33.html]
[github.com/stewartlord/identicon.js/tree/359c665205a6552872f0668f47ee9f41d6134ab0.html]
[github.com/stewartlord/identicon.js/commit/62321ed6fc02717d734aac0b5a796e7dda2a8a29.html]
[github.com/stewartlord/identicon.js/pull/28.html]
[github.com/stewartlord/identicon.js/tree/62321ed6fc02717d734aac0b5a796e7dda2a8a29.html]
[github.com/stewartlord/identicon.js/commit/e7962df6e7ff9c53e1bfe63a7b50854534e720ef.html]
[github.com/stewartlord/identicon.js/pull/25.html]
[github.com/stewartlord/identicon.js/tree/e7962df6e7ff9c53e1bfe63a7b50854534e720ef.html]
[github.com/stewartlord/identicon.js/tree/f30051c119a4850a0761a7aa76723206a4cea010.html]
[github.com/stewartlord/identicon.js/commit/0a1b7c343365b6dcc842860fae59b1d0c90bfbd7.html]
[github.com/stewartlord/identicon.js/tree/0a1b7c343365b6dcc842860fae59b1d0c90bfbd7.html]
[github.com/stewartlord/identicon.js/commit/817a7e28cba66a6d3e58a2ef68671e2388847d86.html]
[github.com/stewartlord/identicon.js/pull/18.html]
[github.com/stewartlord/identicon.js/tree/817a7e28cba66a6d3e58a2ef68671e2388847d86.html]
[github.com/stewartlord/identicon.js/commit/a3c25777f233fa9147a03bcd4ed596fc0c0ce0e4.html]
[github.com/stewartlord/identicon.js/tree/a3c25777f233fa9147a03bcd4ed596fc0c0ce0e4.html]
[github.com/stewartlord/identicon.js/commit/181fb59538808cc2061226cc4f46ddac7bd49588.html]
[github.com/stewartlord/identicon.js/tree/181fb59538808cc2061226cc4f46ddac7bd49588.html]
[github.com/stewartlord/identicon.js/tree/032ac8bb711e4ecdebd7a8968d803725bba0ed6d.html]
[github.com/stewartlord/identicon.js/commit/c9304fadd0b30a2826dffc17cc28b3241833a34e.html]
[github.com/stewartlord/identicon.js/tree/c9304fadd0b30a2826dffc17cc28b3241833a34e.html]
[github.com/stewartlord/identicon.js/commit/4bd1fbeda18c66cdeb1126218678fc90401cd280.html]
[github.com/stewartlord/identicon.js/tree/4bd1fbeda18c66cdeb1126218678fc90401cd280.html]
[github.com/stewartlord/identicon.js/commit/c70d9a1dd7dc7fc34890cf7bc1653ae4f3b1d8e0.html]
[github.com/stewartlord/identicon.js/tree/c70d9a1dd7dc7fc34890cf7bc1653ae4f3b1d8e0.html]
[github.com/stewartlord/identicon.js/commit/7cbbb83502bc720cc05d38a1d606e447e7a9ae03.html]
[github.com/stewartlord/identicon.js/tree/7cbbb83502bc720cc05d38a1d606e447e7a9ae03.html]
[github.com/stewartlord/identicon.js/commit/e71375c0def024bad600a328f935735fc8aa312b.html]
[github.com/stewartlord/identicon.js/tree/e71375c0def024bad600a328f935735fc8aa312b.html]
[github.com/stewartlord/identicon.js/commit/580b8fb90f6b7ffd74a4818bb69f8c6fae966f81.html]
[github.com/stewartlord/identicon.js/pull/16.html]
[github.com/stewartlord/identicon.js/tree/580b8fb90f6b7ffd74a4818bb69f8c6fae966f81.html]
[github.com/stewartlord/identicon.js/commit/66eacbd02a59edead6c8d5cea9d6f6cf509e56f0.html]
[github.com/stewartlord/identicon.js/pull/14.html]
[github.com/stewartlord/identicon.js/tree/66eacbd02a59edead6c8d5cea9d6f6cf509e56f0.html]
[github.com/stewartlord/identicon.js/commit/5732032d5b6036590ffd21a66d596dd56344bc0e.html]
[github.com/stewartlord/identicon.js/tree/5732032d5b6036590ffd21a66d596dd56344bc0e.html]
[github.com/stewartlord/identicon.js/commit/7c4276cf4799eb475185ff8aa6a7487b37393ce1.html]
[github.com/stewartlord/identicon.js/tree/7c4276cf4799eb475185ff8aa6a7487b37393ce1.html]
[github.com/stewartlord/identicon.js/commit/67bf339c18e09c95388469339abbf77f3e8c188a.html]
[github.com/stewartlord/identicon.js/tree/67bf339c18e09c95388469339abbf77f3e8c188a.html]
[github.com/stewartlord/identicon.js/commit/34135c47eb33f95362e595fdf49bbe49f96ad75c.html]
[github.com/stewartlord/identicon.js/tree/34135c47eb33f95362e595fdf49bbe49f96ad75c.html]
[github.com/stewartlord/identicon.js/commit/7e48a6db69d7164ecc167deab94e8c17b499b1bb.html]
[github.com/stewartlord/identicon.js/tree/7e48a6db69d7164ecc167deab94e8c17b499b1bb.html]
[github.com/stewartlord/identicon.js/commits4b61.html]
[github.com/stewartlord/identicon.js/commitse500.html]
[github.com/stewartlord/identicon.js/commit/7063ae16142fd39d3563699b9af2dc321326ff52.diff]
[github.com/stewartlord/identicon.js/commit/7063ae16142fd39d3563699b9af2dc321326ff52.patch]
[github.com/stewartlord/identicon.js/commit/7063ae16142fd39d3563699b9af2dc321326ff52.html]
[github.com/stewartlord/identicon.js/commit/7063ae16142fd39d3563699b9af2dc321326ff52/rollupabee.html]
[github.com/stewartlord/identicon.js/commit/9db16af63c0ac9cb400b6241d6450b6ae2d30072.html]
[github.com/stewartlord/identicon.js/commitsa2da.html]
[github.com/stewartlord/identicon.js/tree/9db16af63c0ac9cb400b6241d6450b6ae2d30072.html]
[github.com/stewartlord/identicon.js/commit/f9983d70d92c419cda8644d114d835523fe65d45.html]
[github.com/stewartlord/identicon.js/tree/f9983d70d92c419cda8644d114d835523fe65d45.html]
[github.com/stewartlord/identicon.js/commit/98973cb4f99db1f4fe14ce2df112ee270de8e5ad.html]
[github.com/stewartlord/identicon.js/commitsf4fd.html]
[github.com/stewartlord/identicon.js/tree/98973cb4f99db1f4fe14ce2df112ee270de8e5ad.html]
[github.com/stewartlord/identicon.js/commit/096bda82e5a77246ea2f8e6cad14a14df4ce0242.html]
[github.com/stewartlord/identicon.js/tree/096bda82e5a77246ea2f8e6cad14a14df4ce0242.html]
[github.com/stewartlord/identicon.js/commit/dc90e0314391523948350f650c35d8ced352a675.html]
[github.com/stewartlord/identicon.js/commits0f31.html]
[github.com/stewartlord/identicon.js/tree/dc90e0314391523948350f650c35d8ced352a675.html]
[github.com/stewartlord/identicon.js/commit/e80c36c5ee03840bdae82b8b72716475a89e7d94.html]
[github.com/stewartlord/identicon.js/tree/e80c36c5ee03840bdae82b8b72716475a89e7d94.html]
[github.com/stewartlord/identicon.js/commits71f4.html]
[github.com/stewartlord/identicon.js/tree/5f1d8025a8fdac561999aeb406919ee26cb45a89.html]
[github.com/stewartlord/identicon.js/tree/9adf1d1f93eaf75bb78d8525684f0b409d889ee8.html]
[github.com/stewartlord/identicon.js/commit/700e36c304ddd4dbdf28e342f9899c49496afb5a.html]
[github.com/stewartlord/identicon.js/pull/27.html]
[github.com/stewartlord/identicon.js/issues/2.html]
[github.com/stewartlord/identicon.js/commitsf3cd.html]
[github.com/stewartlord/identicon.js/tree/700e36c304ddd4dbdf28e342f9899c49496afb5a.html]
[github.com/stewartlord/identicon.js/commit/b16fd63d8c061575ce30df76a89fcddf15e2a779.html]
[github.com/stewartlord/identicon.js/commits1109.html]
[github.com/stewartlord/identicon.js/tree/b16fd63d8c061575ce30df76a89fcddf15e2a779.html]
[github.com/stewartlord/identicon.js/tree/8cb95ccead86ba4bb3bea0f3bae1689c8fc3138a.html]
[github.com/stewartlord/identicon.js/commit/cfe91421ff80a916385e7c43a1a5aa596d3768f9.html]
[github.com/stewartlord/identicon.js/tree/cfe91421ff80a916385e7c43a1a5aa596d3768f9.html]
[github.com/stewartlord/identicon.js/commit/d2bca1e7bf3b963400653dc4469eb92bdc3aa56a.html]
[github.com/stewartlord/identicon.js/tree/d2bca1e7bf3b963400653dc4469eb92bdc3aa56a.html]
[github.com/stewartlord/identicon.js/commit/8ec4361dd0471d2a76dce6a0616ad5c19e6f3672.html]
[github.com/stewartlord/identicon.js/commits94ff.html]
[github.com/stewartlord/identicon.js/tree/8ec4361dd0471d2a76dce6a0616ad5c19e6f3672.html]
[github.com/stewartlord/identicon.js/commit/31565708b783228d0d3ee4ea79fb98c277b6bff9.html]
[github.com/stewartlord/identicon.js/tree/31565708b783228d0d3ee4ea79fb98c277b6bff9.html]
[github.com/stewartlord/identicon.js/commit/8bb210c3bc2ba6b1ed858c96a483bedac0f3e062.html]
[github.com/stewartlord/identicon.js/tree/8bb210c3bc2ba6b1ed858c96a483bedac0f3e062.html]
[github.com/stewartlord/identicon.js/commit/1d361bb0608613a9eb3239ea4ff5a133fdb830df.html]
[github.com/stewartlord/identicon.js/tree/1d361bb0608613a9eb3239ea4ff5a133fdb830df.html]
[github.com/stewartlord/identicon.js/commit/bd3d7e019022037bb926530eab09c98907c2ea0f.html]
[github.com/stewartlord/identicon.js/tree/bd3d7e019022037bb926530eab09c98907c2ea0f.html]
[github.com/stewartlord/identicon.js/commits/master.html]
[github.com/stewartlord/identicon.js/tree/7063ae16142fd39d3563699b9af2dc321326ff52.html]
[github.com/stewartlord/identicon.js/commits/master3f98.html]
[github.com/stewartlord/identicon.js/blob/7063ae16142fd39d3563699b9af2dc321326ff52/.html]
[github.com/stewartlord/identicon.js/blob/{{ urlEncodedRefName }}/.259.delayed]
[github.com/stewartlord/identicon.js/contributors/master/.html]
[github.com/stewartlord/identicon.js/blame/master/.html]
[github.com/stewartlord/identicon.js/blob/master/.html]
[github.com/stewartlord/identicon.js/blame/7063ae16142fd39d3563699b9af2dc321326ff52/.html]
[github.com/stewartlord/identicon.js/commit/513d087684f83f07359482adf49fb9d83b08fbbc.diff]
[github.com/stewartlord/identicon.js/commit/513d087684f83f07359482adf49fb9d83b08fbbc.patch]
[github.com/stewartlord/identicon.js/commit/513d087684f83f07359482adf49fb9d83b08fbbc.html]
[github.com/stewartlord/identicon.js/commit/acd9273d211dc4e6860d34a8396b750d484d40a9.diff]
[github.com/stewartlord/identicon.js/commit/acd9273d211dc4e6860d34a8396b750d484d40a9.patch]
[github.com/stewartlord/identicon.js/commit/acd9273d211dc4e6860d34a8396b750d484d40a9.html]
[github.com/stewartlord/identicon.js/blob/7063ae16142fd39d3563699b9af2dc321326ff52/README.html]
[github.com/stewartlord/identicon.js/blob/{{ urlEncodedRefName }}/README.267.delayed]
[github.com/stewartlord/identicon.js/contributors/master/README.html]
[github.com/stewartlord/identicon.js/blob/master/READMEbaa6.html]
[github.com/stewartlord/identicon.js/blame/master/README.html]
[github.com/stewartlord/identicon.js/blob/master/new.26d.delayed]
[github.com/stewartlord/identicon.js/blob/master/_data_image/png;base64,'.26e.delayed]
[github.com/stewartlord/identicon.js/blob/master/_data_image/svg+xml;base64,'.26f.delayed]
[github.com/stewartlord/identicon.js/blob/master/README.html]
[github.com/stewartlord/identicon.js/blob/7063ae16142fd39d3563699b9af2dc321326ff52/bower.html]
[github.com/stewartlord/identicon.js/blob/{{ urlEncodedRefName }}/bower.273.delayed]
[github.com/stewartlord/identicon.js/contributors/master/bower.html]
[github.com/stewartlord/identicon.js/blame/master/bower.html]
[github.com/stewartlord/identicon.js/blob/master/bower.html]
[github.com/stewartlord/identicon.js/blame/7063ae16142fd39d3563699b9af2dc321326ff52/bower.html]
[github.com/stewartlord/identicon.js/commit/4fad7cafec1b7a4d896015e084e861625ef5d64f.diff]
[github.com/stewartlord/identicon.js/commit/4fad7cafec1b7a4d896015e084e861625ef5d64f.html]
[github.com/stewartlord/identicon.js/commit/4fad7cafec1b7a4d896015e084e861625ef5d64f.patch]
[github.com/stewartlord/identicon.js/blob/7063ae16142fd39d3563699b9af2dc321326ff52/demo.html]
[github.com/stewartlord/identicon.js/blob/{{ urlEncodedRefName }}/demo.27f.delayed]
[github.com/stewartlord/identicon.js/contributors/master/demo.html]
[github.com/stewartlord/identicon.js/blame/master/demo.html]
[github.com/stewartlord/identicon.js/blob/master/demo.html]
[github.com/stewartlord/identicon.js/blame/7063ae16142fd39d3563699b9af2dc321326ff52/demo.html]
[github.com/login8ec3.html]
[github.com/stewartlord/identicon.js/blob/7063ae16142fd39d3563699b9af2dc321326ff52/identicon.html]
[github.com/stewartlord/identicon.js/blob/{{ urlEncodedRefName }}/identicon.28a.delayed]
[github.com/stewartlord/identicon.js/contributors/master/identicon.html]
[raw.githubusercontent.com/stewartlord/identicon.js/master/identicon.js]
[github.com/stewartlord/identicon.js/blame/master/identicon.html]
[github.com/stewartlord/identicon.js/blob/master/identicon.html]
[github.com/stewartlord/identicon.js/blame/7063ae16142fd39d3563699b9af2dc321326ff52/identicon.html]
[github.com/stewartlord/identicon.js/blob/7063ae16142fd39d3563699b9af2dc321326ff52/package.html]
[github.com/stewartlord/identicon.js/blob/{{ urlEncodedRefName }}/package.294.delayed]
[github.com/stewartlord/identicon.js/contributors/master/package.html]
[github.com/stewartlord/identicon.js/blame/master/package.html]
[github.com/stewartlord/identicon.js/blob/master/package.html]
[github.com/stewartlord/identicon.js/blame/7063ae16142fd39d3563699b9af2dc321326ff52/package.html]
[github.com/login3c9c.html]
[github.com/stewartlord/identicon.js/blob/7063ae16142fd39d3563699b9af2dc321326ff52/pnglib.html]
[github.com/stewartlord/identicon.js/blob/{{ urlEncodedRefName }}/pnglib.29f.delayed]
[github.com/stewartlord/identicon.js/contributors/master/pnglib.html]
[raw.githubusercontent.com/stewartlord/identicon.js/master/pnglib.js]
[github.com/stewartlord/identicon.js/blame/master/pnglib.html]
[github.com/stewartlord/identicon.js/blob/master/pnglib.html]
[github.com/stewartlord/identicon.js/blame/7063ae16142fd39d3563699b9af2dc321326ff52/pnglib.html]
[github.com/stewartlord/identicon.js/commit/5f1d8025a8fdac561999aeb406919ee26cb45a89.diff]
[github.com/stewartlord/identicon.js/commit/5f1d8025a8fdac561999aeb406919ee26cb45a89.html]
[github.com/stewartlord/identicon.js/commit/5f1d8025a8fdac561999aeb406919ee26cb45a89.patch]
[github.com/login5207.html]
[github.com/stewartlord/identicon.js/blob/7063ae16142fd39d3563699b9af2dc321326ff52/screenshot.html]
[github.com/stewartlord/identicon.js/blob/{{ urlEncodedRefName }}/screenshot.2ac.delayed]
[github.com/stewartlord/identicon.js/contributors/master/screenshot.html]
[github.com/loginad53.html]
[github.com/stewartlord/identicon.js/blob/master/screenshot.html]
[github.com/stewartlord/identicon.js/commit/c89c1793d2240112a859b086abb76e38d46f5336.diff]
[github.com/stewartlord/identicon.js/commit/c89c1793d2240112a859b086abb76e38d46f5336.html]
[github.com/stewartlord/identicon.js/commit/c89c1793d2240112a859b086abb76e38d46f5336.patch]
[cdnjs.com/banner.png]
[cdnjs.com/favicon.png]
[api.radar.cloudflare.com/beacon.2b5.delayed]
[cdnjs.com/_/a25535d.js]
[cdnjs.com/_/21548f6.js]
[cdnjs.com/_/4cb6dd5.js]
[cdnjs.com/_/682db2b.js]
[cdnjs.com/_/e0fa93d.js]
[cdnjs.com/_/cdc5178.js]
[github.com/stewartlord/identicon9824.html]
[www.npmjs.com/package/identicon9824.html]
[cdnjs.com/libraries/identicon.min.js]
[cdnjs.com/libraries/identicon.html]
[static.npmjs.com/styles.446428a30994abc85ead.css]
[static.npmjs.com/338e4905a2684ca96e08c7780fc68412.png]
[static.npmjs.com/7a7ffabbd910fc60161bc04f2cee4160.png]
[static.npmjs.com/58a19602036db1daee0d7863c94673a4.png]
[static.npmjs.com/34110fd7686e2c90a487ca98e7336e99.png]
[static.npmjs.com/3dc95981de4241b35cd55fe126ab6b2c.png]
[static.npmjs.com/b0f1a8318363185cc2ea6a40ac23eeb2.png]
[static.npmjs.com/1996fcfdf7ca81ea795f67f093d7f449.png]
[static.npmjs.com/f1786e9b7cba9753ca7b9c40e8b98f67.png]
[static.npmjs.com/5f6e93af5bf0f5dcdd1eecdac99f51ee.png]
[static.npmjs.com/c426a1116301d1fd178c51522484127a.png]
[static.npmjs.com/da3ab40fb0861d15c83854c29f5f2962.png]
[static.npmjs.com/ab751523d7e1c184769f74eae2b8969f.css]
[www.npmjs.com/package/@types/identicon.html]
[www.npmjs.com/package/identicon19df.html]
[www.npmjs.com/package/identicon729b.html]
[www.npmjs.com/package/identiconf055.html]
[www.npmjs.com/package/identicon5565.html]
[www.npmjs.com/package/identiconecfd.html]
[raw.githubusercontent.com/stewartlord/identicon.js/HEAD/screenshot.png]
[nodei.co/npm/identicon.jsc0b6.png]
[npm.runkit.com/identicon.html]
[static.npmjs.com/commons.6b952df1822727a2583f.js]
[static.npmjs.com/minicssextractbug.7920ad09fd7cbbcd027d.js]
[www.npmjs.com/package/identicon.html]
[github.com/stewartlord/new.html]
[github.com/stewartlord/_data_image/png;base64,'.html]
[github.com/stewartlord/_data_image/svg+xml;base64,'.html]
[github.com/stewartlord/identicon.js/hovercards/citation/sidebar_partialb78b.html]
[static.npmjs.com/package/package.ea013586dde824e21a13.js]
[github.com/stewartlord/identicon.js/watchers.html]
[github.com/signupdb28.html]
[github.com/stewartlord/identicon.js/releases.atom]
[github.com/stewartlord/identicon.js/tags.atom]
[github.com/signupcef0.html]
[github.com/stewartlord/identicon.js/tree/v2.3.html]
[github.com/stewartlord/identicon.js/compare/{{ urlEncodedRefName }}...v2.3.2e4.delayed]
[github.com/stewartlord/identicon.js/releases/expanded_assets/v2.3.html]
[github.com/stewartlord/identicon.js/tree/2.3.html]
[github.com/stewartlord/identicon.js/compare/{{ urlEncodedRefName }}...2.3.2e9.delayed]
[github.com/stewartlord/identicon.js/releases/expanded_assets/2.3.html]
[github.com/stewartlord/identicon.js/tree/2.3-2.html]
[github.com/stewartlord/identicon.js/compare/{{ urlEncodedRefName }}...2.3.2ec.delayed]
[github.com/stewartlord/identicon.js/releases/expanded_assets/2.3-2.html]
[github.com/stewartlord/identicon.js/tree/2.3-3.html]
[github.com/stewartlord/identicon.js/compare/{{ urlEncodedRefName }}...2.3.2ef.delayed]
[github.com/stewartlord/identicon.js/releases/expanded_assets/2.3-3.html]
[github.com/stewartlord/identicon.js/tree/2.2.html]
[github.com/stewartlord/identicon.js/compare/{{ urlEncodedRefName }}...2.2.2f2.delayed]
[github.com/stewartlord/identicon.js/releases/expanded_assets/2.2.html]
[github.com/stewartlord/identicon.js/tree/2.1.html]
[github.com/stewartlord/identicon.js/compare/{{ urlEncodedRefName }}...2.1.2f5.delayed]
[github.com/stewartlord/identicon.js/releases/expanded_assets/2.1.html]
[github.com/stewartlord/identicon.js/tree/v2.1.html]
[github.com/stewartlord/identicon.js/compare/{{ urlEncodedRefName }}...v2.1.2f8.delayed]
[github.com/stewartlord/identicon.js/releases/expanded_assets/v2.1.html]
[github.com/stewartlord/identicon.js/tree/v2.0.html]
[github.com/stewartlord/identicon.js/compare/{{ urlEncodedRefName }}...v2.0.2fb.delayed]
[github.com/stewartlord/identicon.js/releases/expanded_assets/v2.0.html]
[github.com/stewartlord/identicon.js/tree/v1.3.html]
[github.com/stewartlord/identicon.js/compare/{{ urlEncodedRefName }}...v1.3.2fe.delayed]
[github.com/stewartlord/identicon.js/releases.html]
[github.com/stewartlord/identicon.js/releases/tag/v2.3.html]
[github.com/stewartlord/identicon.js/releases/expanded_assets/v1.3.html]
[github.githubassets.com/assets/profile-b51b0027779f.css]
[github.githubassets.com/assets/vendors-node_modules_delegated-events_dist_index_js-node_modules_github_catalyst_lib_index_js-06ff530-e5b8a0aec28d.js]
[github.githubassets.com/assets/profile-74484f6a57d7.js]
[github.com/signupcb9e.html]
[github.com/features/actions.html]
[github.com/features/packages.html]
[github.com/features/security.html]
[github.com/features/codespaces.html]
[github.com/features/copilot.html]
[github.com/features/code-review.html]
[github.com/features/issues.html]
[github.com/features/discussions.html]
[github.com/features.html]
[github.com/enterprise.html]
[github.com/team.html]
[github.com/pricing.html]
[github.com/customer-stories49ee.html]
[github.com/sponsors.html]
[github.com/readme.html]
[github.com/topics.html]
[github.com/trending.html]
[github.com/collections.html]
[github.com/loginbab3.html]
[github.com/stewartlord.html]
[github.com/stewartlord08ca.html]
[github.com/stewartlordc6f3.html]
[github.com/stewartlord3001.html]
[github.com/stewartlord8688.html]
[github.com/stewartlord6daa.html]
[github.com/stewartlordb439.html]
[github.com/stewartlordfa67.html]
[github.com/stewartlord0a72.html]
[github.githubassets.com/images/modules/profile/achievements/pull-shark-default.png]
[github.com/stewartlord66db.html]
[github.githubassets.com/images/modules/profile/achievements/arctic-code-vault-contributor-default.png]
[github.com/stewartlord81f6.html]
[github.githubassets.com/images/modules/profile/achievements/starstruck-default.png]
[github.com/orgs/community/discussions/categories/profile.html]
[github.com/stewartlordb199.html]
[github.com/stewartlordd785.html]
[github.com/stewartlord3a61.html]
[github.com/stewartlord68cf.html]
[github.com/stewartlord7a9d.html]
[github.com/stewartlordcaec.html]
[github.com/stewartlord3830.html]
[github.com/stewartlordcc85.html]
[github.com/stewartlord572e.html]
[github.com/stewartlord15a2.html]
[github.com/stewartlordc43f.html]
[github.com/stewartlorda067.html]
[github.com/security.html]
[github.com/stewartlord3486.html]
[github.com/about.html]
[github.com/signup4d86.html]
[github.com/stewartlord/identicon.js/network/dependentsd78e.html]
[github.com/stewartlord/identicon.js/network/dependents086f.html]
[github.com/stewartlord/identicon.js/network/dependents.html]
[github.com/stewartlord/identicon.js/network/dependentsf5b4.html]
[github.com/signup2a83.html]
[github.com/stewartlord/identicon.js/graphs/{{ authorUrl }}.33f.delayed]
[github.com/stewartlord/identicon.js/graphs/{{ authorAvatarUrl }}.340.delayed]
[github.com/stewartlord/identicon.js/graphs/{{ contributorUrl }}.341.delayed]
[github.com/stewartlord/identicon.js/graphs/contributors.html]
[github.githubassets.com/assets/search-f5791985397a.js]
[github.com/signup1f09.html]
[github.com/stewartlord/identicon.js/searchd53b.html]
[github.com/stewartlord/identicon.js/searcha2a6.html]
[github.com/stewartlord/identicon.js/search/count6fcf.html]
[github.com/stewartlord/identicon.js/searchf55a.html]
[github.com/stewartlord/identicon.js/search/count2e80.html]
[github.com/stewartlord/identicon.js/searche907.html]
[github.com/stewartlord/identicon.js/search/counte7ad.html]
[github.com/stewartlord/identicon.js/searche59e.html]
[github.com/stewartlord/identicon.js/search/countbeed.html]
[github.com/stewartlord/identicon.js/searche468.html]
[github.com/stewartlord/identicon.js/search/count3190.html]
[github.com/stewartlord/identicon.js/search77c0.html]
[github.com/stewartlord/identicon.js/search3697.html]
[github.com/stewartlord/identicon.js/search8edc.html]
[github.com/stewartlord/identicon.js/search4c10.html]
[github.com/stewartlord/identicon.js/search7206.html]
[github.com/stewartlord/identicon.js/search.html]
[github.com/stewartlord/identicon.js/search95a0.html]
[github.com/stewartlord/identicon.js/blob/4fad7cafec1b7a4d896015e084e861625ef5d64f/identicon.html]
[github.com/stewartlord/identicon.js/searchd9f4.html]
[github.com/stewartlord/identicon.js/blob/4fad7cafec1b7a4d896015e084e861625ef5d64f/pnglib.html]
[github.com/stewartlord/identicon.js/search79f8.html]
[github.com/stewartlord/identicon.js/search459f.html]
[github.com/stewartlord/identicon.js/search/count81f7.html]
[github.com/stewartlord/identicon.js/searchf372.html]
[github.com/stewartlord/identicon.js/search/count7ab4.html]
[github.com/stewartlord/identicon.js/search7466.html]
[github.com/stewartlord/identicon.js/search/counta111.html]
[github.com/stewartlord/identicon.js/searche163.html]
[github.com/stewartlord/identicon.js/search/count4b25.html]
[github.com/stewartlord/identicon.js/searchec72.html]
[github.com/stewartlord/identicon.js/search/count0bb6.html]
[github.com/stewartlord/identicon.js/search72d8.html]
[github.com/login.html]
[github.com/signup3060.html]
[github.com/logine7b6.html]
[github.com/password_reset.html]
[github.com/signupd6a6.html]
[github.com/signup19d0.html]
[github.githubassets.com/images/modules/signup/launch_codes/bg.jpg]
[github.githubassets.com/assets/signup-961c3ead67e2.css]
[github.githubassets.com/assets/site-113765a6413c.css]
[github.githubassets.com/assets/home-06d3899b7964.css]
[github.com/login3f9a.html]
[github.com/email_validity_checks.html]
[github.com/password_validity_checks.html]
[github.com/signup_check/username.html]
[github.com/signupbd57.html]
[github.com/signupc2e3.html]
[github.com/signup4b5f.html]
[github.com/stewartlord/identicon.js/blob/7063ae16142fd39d3563699b9af2dc321326ff52/LICENSE.html]
[github.com/stewartlord/identicon.js/blob/{{ urlEncodedRefName }}/LICENSE.html]
[github.com/loginaeb4.html]
[github.com/signup93aa.html]
[github.com/stewartlord/identicon.js/blob/master/{{ urlEncodedItem }}.37e.delayed]
[github.com/stewartlord/identicon.js/find/master.html]
[github.com/stewartlord/identicon.js/commit/acd9273d211dc4e6860d34a8396b750d484d40a9/rollup02f1.html]
[github.com/stewartlord/identicon.js/commits/master/LICENSE.html]
[github.com/stewartlord/identicon.js/contributors-list/master/LICENSE.html]
[github.com/stewartlord/identicon.js/contributors/master/LICENSE.html]
[github.com/signupd767.html]
[github.com/stewartlord/identicon.js/blame/79043eabeeca800e3834c014745d9a42c5e9b4c5/LICENSE.html]
[github.com/stewartlord/identicon.js/blame/master/LICENSE.html]
[github.com/stewartlord/identicon.js/blob/master/{{ revealButtonHref }}.html]
[github.com/stewartlord/identicon.js/blame/7063ae16142fd39d3563699b9af2dc321326ff52/LICENSE.html]
[github.com/stewartlord/identicon.js/commit/8f08ada535abcc2f7f91bc877c58a34bdce4b142.html]
[github.com/signup371b.html]
[github.com/login5f59.html]
[github.com/stewartlord/identicon.js/stargazers2679.html]
[github.com/stewartlord/identicon.js/stargazers4658.html]
[github.githubassets.com/assets/insights-27182626bb80.css]
[github.com/stewartlord/identicon.js/stargazers9ba9.html]
[github.com/signupcfd2.html]
[github.githubassets.com/assets/community-7add8d63590d.js]
[github.com/login2757.html]
[github.com/stewartlord/identicon.js/community.html]
[github.com/signup62a1.html]
[github.com/stewartlord/identicon.js/graphs/commit-activity.html]
[github.com/signup798a.html]
[github.com/stewartlord/identicon.js/graphs/code-frequency.html]
[github.com/signup2ad0.html]
[github.com/stewartlord/identicon.js/network/dependencies.html]
[github.com/signup62b7.html]
[github.com/stewartlord/identicon.js/network.html]
[github.com/signup3729.html]
[github.com/login2746.html]
[github.com/signupa76f.html]
[github.com/abramwang/identicon.js]
[github.com/login27c6.html]
[github.com/akhra/identicon.js/blob/master/LICENSE.html]
[github.com/akhra/identicon.js/stargazers.html]
[github.com/akhra/identicon.js/network/members.html]
[github.com/akhra/identicon.js/pulls.html]
[github.com/akhra/identicon.js/actions.html]
[github.com/akhra/identicon.js/projects4494.html]
[github.com/akhra/identicon.js/security.html]
[github.com/akhra/identicon.js/security/overall-count.3af.delayed]
[github.com/akhra/identicon.js/pulse.html]
[github.com/akhra/identicon.js/spoofed_commit_check/c89c1793d2240112a859b086abb76e38d46f5336.html]
[github.com/akhra/identicon.js/tree/{{ urlEncodedRefName }}.3b3.delayed]
[github.com/akhra/identicon.js/branches.3b4.delayed]
[github.com/akhra/identicon.js/tags.html]
[github.com/akhra/identicon.js/overview_actions/master.html]
[github.com/akhra/identicon.js/compare/master...stewartlord_identicon.html]
[github.com/stewartlord/identicon.js/compare/master...akhra_identiconf37e.html]
[github.com/akhra/identicon.js/tree-commit/c89c1793d2240112a859b086abb76e38d46f5336.html]
[github.com/akhra/identicon.js/commits/master.html]
[github.com/akhra/identicon.js/file-list/master.html]
[github.com/akhra/identicon.js/tree/c89c1793d2240112a859b086abb76e38d46f5336.html]
[github.com/akhra/identicon.js/blob/master/.html]
[github.com/akhra/identicon.js/blob/master/README.html]
[github.com/akhra/identicon.js/blob/master/bower.html]
[github.com/akhra/identicon.js/blob/master/demo.html]
[github.com/akhra/identicon.js/blob/master/identicon.html]
[github.com/akhra/identicon.js/blob/master/package.html]
[github.com/akhra/identicon.js/blob/master/pnglib.html]
[github.com/akhra/identicon.js/blob/master/screenshot.html]
[raw.githubusercontent.com/akhra/identicon.js/master/screenshot.png]
[github.com/akhra/new.3c9.delayed]
[github.com/akhra/_data_image/png;base64,'.3ca.delayed]
[github.com/akhra/_data_image/svg+xml;base64,'.3cb.delayed]
[github.com/akhra/identicon.js/releases.html]
[github.com/akhra/identicon.js/watchers.html]
[github.com/akhra/identicon.html]
[github.com/akhra3486.html]
[github.com/login81d6.html]
[github.com/signupdf75.html]
[github.com/login9786.html]
[github.com/algobasket/identicon.js/blob/master/LICENSE.html]
[github.com/algobasket/identicon.js/stargazers.html]
[github.com/algobasket/identicon.js/network/members.html]
[github.com/algobasket/identicon.js/pulls.html]
[github.com/algobasket/identicon.js/actions.html]
[github.com/algobasket/identicon.js/projects4494.html]
[github.com/algobasket/identicon.js/security.html]
[github.com/algobasket/identicon.js/security/overall-count.3dd.delayed]
[github.com/algobasket/identicon.js/pulse.html]
[github.com/algobasket/identicon.js/spoofed_commit_check/4904e7d48eec01ce2ca2f0d4edb6f38c5b06fd91.html]
[github.com/algobasket/identicon.js/tree/{{ urlEncodedRefName }}.3e1.delayed]
[github.com/algobasket/identicon.js/branches.3e2.delayed]
[github.com/algobasket/identicon.js/tags.html]
[github.com/algobasket/identicon.js/overview_actions/master.html]
[github.com/algobasket/identicon.js/compare/master...stewartlord_identicon.html]
[github.com/stewartlord/identicon.js/compare/master...algobasket_identiconf37e.html]
[github.com/algobasket/identicon.js/tree-commit/4904e7d48eec01ce2ca2f0d4edb6f38c5b06fd91.html]
[github.com/algobasket/identicon.js/file-list/master.html]
[github.com/algobasket/identicon.js/commits/master.html]
[github.com/algobasket/identicon.js/tree/4904e7d48eec01ce2ca2f0d4edb6f38c5b06fd91.html]
[github.com/algobasket/identicon.js/blob/master/.html]
[github.com/algobasket/identicon.js/blob/master/README.html]
[github.com/algobasket/identicon.js/blob/master/bower.html]
[github.com/algobasket/identicon.js/blob/master/demo.html]
[github.com/algobasket/identicon.js/blob/master/identicon.html]
[github.com/algobasket/identicon.js/blob/master/package.html]
[github.com/algobasket/identicon.js/blob/master/pnglib.html]
[github.com/algobasket/identicon.js/blob/master/screenshot.html]
[raw.githubusercontent.com/algobasket/identicon.js/master/screenshot.png]
[github.com/algobasket/new.3f7.delayed]
[github.com/algobasket/_data_image/png;base64,'.3f8.delayed]
[github.com/algobasket/_data_image/svg+xml;base64,'.3f9.delayed]
[github.com/algobasket/identicon.js/watchers.html]
[github.com/algobasket/identicon.js/releases.html]
[github.com/algobasket/identicon.html]
[github.com/algobasket3486.html]
[github.com/login11a0.html]
[github.com/signup1ad8.html]
[github.com/login2c01.html]
[github.com/allisonvarnell/identicon.js/blob/master/LICENSE.html]
[github.com/allisonvarnell/identicon.js/stargazers.html]
[github.com/allisonvarnell/identicon.js/network/members.html]
[github.com/allisonvarnell/identicon.js/pulls.html]
[github.com/allisonvarnell/identicon.js/actions.html]
[github.com/allisonvarnell/identicon.js/projects4494.html]
[github.com/allisonvarnell/identicon.js/security.html]
[github.com/allisonvarnell/identicon.js/security/overall-count.40b.delayed]
[github.com/allisonvarnell/identicon.html]
[github.com/Alx010/identicon.html]
[github.com/amit08255/identicon.html]
[github.com/Anyadan/identicon.html]
[github.com/arimasu/identicon.html]
[github.com/Asa9701/identicon.html]
[github.com/awaissarwar18/identicon.html]
[github.com/bang9/identicon.html]
[github.com/BeCoders/identicon.html]
[github.com/bigorange1900/identicon.html]
[github.com/bilgan/identicon.html]
[github.com/BlakeGuilloud/identicon.html]
[github.com/brock/identicon.html]
[github.com/buildbreakdo/identicon.html]
[github.com/chamerling/identicon.html]
[github.com/ChristophorusX/identicon.html]
[github.com/cmptrx/identicon.html]
[github.com/cooingpop/identicon.html]
[github.com/cooleye/identicon.html]
[github.com/dainst/identicon.html]
[github.com/danielribeiro/identicon.html]
[github.com/dardevelin/identicon.html]
[github.com/davigueras/identicon.html]
[github.com/dminkovsky/identicon.html]
[github.com/dmitryzuev/identicon.html]
[github.com/dometto/identicon.html]
[github.com/dousaitis/identicon.html]
[github.com/dujunhui007/identicon.html]
[github.com/duyet/identicon.html]
[github.com/duyyy/identicon.html]
[github.com/dwrensha/identicon.html]
[github.com/DxCaesar/identicon.html]
[github.com/Dynamo-Softworks/identicon.html]
[github.com/ehynds/identicon.html]
[github.com/Esteban-Rocha/identicon.html]
[github.com/fatmatto/identicon.html]
[github.com/FLamparski/identicon.html]
[github.com/FlickDUB/identicon.html]
[github.com/flutterfirebase/identicon.html]
[github.com/gaohelong/identicon.html]
[github.com/Gigabait/identicon.html]
[github.com/Giulio2002/identicon.html]
[github.com/glacierck/identicon.html]
[github.com/gongyoyo/identicon.html]
[github.com/GoodnessEzeokafor/identicon.html]
[github.com/gre-foundation/identicon.html]
[github.com/h0x91b/identicon.html]
[github.com/hai-ko/identicon.html]
[github.com/hecrj/identicon.html]
[github.com/hodahakim/identicon.html]
[github.com/holmesal/identicon.html]
[github.com/ianluddy/identicon.html]
[github.com/ident-is-icon/identicon.html]
[github.com/intersting-things/identicon.html]
[github.com/ivoryue/identicon.html]
[github.com/jasj/identicon.html]
[github.com/JeffWScott/identicon.html]
[github.com/jmnote/identicon.html]
[github.com/josephlim75/identicon.html]
[github.com/jrlegrand/identicon.html]
[github.com/Julianhm9612/identicon.html]
[github.com/KabbalahOracle/identicon.html]
[github.com/KagamiChan/identicon.html]
[github.com/Kalmani/identicon.html]
[github.com/kevinjamesus86/identicon.html]
[github.com/kgs0142/identicon.html]
[github.com/LEmuRIAatCN/identicon.html]
[github.com/linkedask/identicon.html]
[github.com/LouisAsanaka/identicon.html]
[github.com/LucidityDesign/identicon.html]
[github.com/lukasz-karolewski/identicon.html]
[github.com/lwd-temp/identicon.html]
[github.com/lyh16/identicon.html]
[github.com/masayosh4/identicon.html]
[github.com/allisonvarnell/identicon.js/pulse.html]
[github.com/mavxg/identicon.html]
[github.com/mcanthony/identicon.html]
[github.com/mitar/identicon.html]
[github.com/mousechsh/identicon.html]
[github.com/myubifoundation/identicon.html]
[github.com/nicovak/identicon.html]
[github.com/ntuanhung/identicon.html]
[github.com/ok3/identicon.html]
[github.com/ookm1020/identicon.html]
[github.com/Oxidosnel/identicon.html]
[github.com/Oyshoboy/identicon.html]
[github.com/pde-rent/identicon.html]
[github.com/petroboiko108/identicon.html]
[github.com/PinkDiamond1/identicon.html]
[github.com/ponsheng/identicon.html]
[github.com/porkchop/identicon.html]
[github.com/ppuleo/identicon.html]
[github.com/tomef/identicon.html]
[github.com/programWhiz/identicon.html]
[github.com/PsTiu/identicon.html]
[github.com/qiurin/identicon.html]
[github.com/quchwe/identicon.html]
[github.com/redboul/identicon.html]
[github.com/bonitasoft/identicon.html]
[github.com/refset/identicon.html]
[github.com/Richienb/identicon.html]
[github.com/Robien/identicon.html]
[github.com/safonoi/identicon.html]
[github.com/Sc00bz/identicon.html]
[github.com/schnabear/identicon.html]
[github.com/Seabizkit/identicon.html]
[github.com/shinonome-inc/identicon.html]
[github.com/skuridin/identicon.html]
[github.com/soonyoung/identicon.html]
[github.com/status-im/identicon.html]
[github.com/isabella232/identicon.html]
[github.com/WePesa/identicon.html]
[github.com/sujunhao/identicon.html]
[github.com/thecocce/identicon.html]
[github.com/thesoftwarefactoryuk/identicon.html]
[github.com/TylerDixon/identicon.html]
[github.com/Usman75/identicon.html]
[github.com/utkarshx/identicon.html]
[github.com/voozoo/identicon.html]
[github.com/Yonn0818/identicon.html]
[github.com/yYang365/identicon.html]
[github.com/zacacollier/identicon.html]
[github.com/signup2f56.html]
[github.com/stewartlord/identicon.js/issues/52.html]
[github.com/stewartlord/identicon.js/issues/created_by/stewartlord.html]
[github.com/stewartlord/identicon.js/labels.html]
[github.com/stewartlord/identicon.js/milestones.html]
[github.com/stewartlord/identicon.js/issuesa141.html]
[github.com/stewartlord/identicon.js/issues6d1a.html]
[github.com/stewartlord/identicon.js/issues/show_menu_contentd974.html]
[github.com/stewartlord/identicon.js/issues/show_menu_contente8ba.html]
[github.com/stewartlord/identicon.js/issues/show_menu_content07f7.html]
[github.com/stewartlord/identicon.js/issues/show_menu_content5a37.html]
[github.com/stewartlord/identicon.js/issues/show_menu_content9b58.html]
[github.com/stewartlord/identicon.js/issues411f.html]
[github.com/stewartlord/identicon.js/issues475a.html]
[github.com/stewartlord/identicon.js/issues48f3.html]
[github.com/stewartlord/identicon.js/issuesd757.html]
[github.com/stewartlord/identicon.js/issues740a.html]
[github.com/stewartlord/identicon.js/issues29b8.html]
[github.com/stewartlord/identicon.js/issues2deb.html]
[github.com/stewartlord/identicon.js/issues459c.html]
[github.com/stewartlord/identicon.js/issues0cfd.html]
[github.com/stewartlord/identicon.js/issues3885.html]
[github.com/stewartlord/identicon.js/issuesf4c8.html]
[github.com/stewartlord/identicon.js/issues86f2.html]
[github.com/stewartlord/identicon.js/issues060b.html]
[github.com/stewartlord/identicon.js/issueseb0c.html]
[github.com/stewartlord/identicon.js/issuesf5e8.html]
[github.com/stewartlord/identicon.js/issuesf5b6.html]
[github.com/signup3181.html]
[github.com/stewartlord/identicon.js/compare.html]
[github.com/stewartlord/identicon.js/pullse309.html]
[github.com/stewartlord/identicon.js/pulls762f.html]
[github.com/stewartlord/identicon.js/issues/show_menu_content8d5a.html]
[github.com/stewartlord/identicon.js/issues/show_menu_content9228.html]
[github.com/stewartlord/identicon.js/issues/show_menu_content400a.html]
[github.com/stewartlord/identicon.js/issues/show_menu_content3a10.html]
[github.com/stewartlord/identicon.js/pullse65e.html]
[github.com/stewartlord/identicon.js/pulls60b1.html]
[github.com/stewartlord/identicon.js/pulls69ac.html]
[github.com/stewartlord/identicon.js/pullsab34.html]
[github.com/stewartlord/identicon.js/issues/show_menu_content96b0.html]
[github.com/stewartlord/identicon.js/pulls9486.html]
[github.com/stewartlord/identicon.js/pulls41bb.html]
[github.com/stewartlord/identicon.js/pullseff9.html]
[github.com/stewartlord/identicon.js/pullsa03c.html]
[github.com/stewartlord/identicon.js/pulls28ff.html]
[github.com/stewartlord/identicon.js/pulls6a93.html]
[github.com/stewartlord/identicon.js/pulls3e26.html]
[github.com/stewartlord/identicon.js/pulls5e85.html]
[github.com/stewartlord/identicon.js/pullsef5c.html]
[github.com/stewartlord/identicon.js/pulls2b8a.html]
[github.com/stewartlord/identicon.js/pullsb302.html]
[github.com/stewartlord/identicon.js/pulls58f0.html]
[github.com/stewartlord/identicon.js/pullseeb1.html]
[github.com/stewartlord/identicon.js/pullsfd7f.html]
[github.com/stewartlord/identicon.js/pullsa80b.html]
[github.githubassets.com/assets/actions-69ec860982ee.css]
[github.com/signupf1db.html]
[github.githubassets.com/assets/projects-e154ca32c716.css]
[github.com/signup4a38.html]
[github.com/signup5326.html]
[github.com/stewartlord/identicon.js/security/policy.html]
[github.com/stewartlord/identicon.js/security/advisories.html]
[github.com/signup3334.html]
[github.com/stewartlord/identicon.js/pulse/daily.html]
[github.com/stewartlord/identicon.js/pulse/halfweekly.html]
[github.com/stewartlord/identicon.js/pulse/monthly.html]
[github.githubassets.com/assets/releases-f3b24bb0662e.css]
[github.com/signupf474.html]
[github.com/stewartlord/identicon.js/releases/tag/2.3.html]
[github.com/stewartlord/identicon.js/releases/tag/2.3-2.html]
[github.com/stewartlord/identicon.js/commit/4904e7d48eec01ce2ca2f0d4edb6f38c5b06fd91.html]
[github.com/stewartlord/identicon.js/releases/tag/2.3-3.html]
[github.com/stewartlord/identicon.js/commit/559a1f40fe811f74a58a3b8ccb3af9ce756dc88e.html]
[github.com/stewartlord/identicon.js/releases/tag/2.2.html]
[github.com/stewartlord/identicon.js/commit/e6933b7c443e6a511cfcfe6774fa5570cf6c2086.html]
[github.com/stewartlord/identicon.js/releases/tag/2.1.html]
[github.com/stewartlord/identicon.js/commit/9adf1d1f93eaf75bb78d8525684f0b409d889ee8.html]
[github.com/stewartlord/identicon.js/releases/tag/v2.1.html]
[github.com/stewartlord/identicon.js/commit/8cb95ccead86ba4bb3bea0f3bae1689c8fc3138a.html]
[github.com/stewartlord/identicon.js/releases/tag/v2.0.html]
[github.com/stewartlord/identicon.js/commit/f30051c119a4850a0761a7aa76723206a4cea010.html]
[github.com/stewartlord/identicon.js/releases/tag/v1.3.html]
[github.com/stewartlord/identicon.js/pull/22.html]
[github.com/stewartlord/identicon.js/commit/032ac8bb711e4ecdebd7a8968d803725bba0ed6d.html]
[github.com/signup7d2e.html]
[github.com/stewartlord/identicon.js/commits/{{ urlEncodedRefName }}.html]
[github.com/stewartlord/identicon.js/tree/4fad7cafec1b7a4d896015e084e861625ef5d64f.html]
[github.com/stewartlord/identicon.js/tree/acd9273d211dc4e6860d34a8396b750d484d40a9.html]
[github.com/stewartlord/identicon.js/commit/79043eabeeca800e3834c014745d9a42c5e9b4c5.html]
[github.com/stewartlord/identicon.js/tree/79043eabeeca800e3834c014745d9a42c5e9b4c5.html]
[github.com/stewartlord/identicon.js/commit/0a1383221aff9ff107cd464d3c8cfa0a7da0935c.html]
[github.com/stewartlord/identicon.js/tree/0a1383221aff9ff107cd464d3c8cfa0a7da0935c.html]
[github.com/stewartlord/identicon.js/tree/4904e7d48eec01ce2ca2f0d4edb6f38c5b06fd91.html]
[github.com/stewartlord/identicon.js/tree/559a1f40fe811f74a58a3b8ccb3af9ce756dc88e.html]
[github.com/stewartlord/identicon.js/commit/a06ecf68b26303685ea8cee217898508947f9309.html]
[github.com/stewartlord/identicon.js/tree/a06ecf68b26303685ea8cee217898508947f9309.html]
[github.com/stewartlord/identicon.js/commit/1bf8eb44fd520f2be8aa6ac7a4a72420edd04bb0.html]
[github.com/stewartlord/identicon.js/tree/1bf8eb44fd520f2be8aa6ac7a4a72420edd04bb0.html]
[github.com/stewartlord/identicon.js/tree/c89c1793d2240112a859b086abb76e38d46f5336.html]
[github.com/stewartlord/identicon.js/commit/5a82081d24c006d9a388bc004d82a13632df9ac8.html]
[github.com/stewartlord/identicon.js/tree/5a82081d24c006d9a388bc004d82a13632df9ac8.html]
[github.com/stewartlord/identicon.js/tree/e6933b7c443e6a511cfcfe6774fa5570cf6c2086.html]
[github.com/stewartlord/identicon.js/commit/79591e96d5359b8e6afad7793bbd5edf81d5b525.html]
[github.com/stewartlord/identicon.js/pull/36.html]
[github.com/stewartlord/identicon.js/tree/79591e96d5359b8e6afad7793bbd5edf81d5b525.html]
[github.com/stewartlord/identicon.js/commit/7961557a63af2658cd9f49a57c732c3e1d62f2af.html]
[github.com/stewartlord/identicon.js/pull/34.html]
[github.com/stewartlord/identicon.js/tree/7961557a63af2658cd9f49a57c732c3e1d62f2af.html]
[github.com/stewartlord/identicon.js/commit/359c665205a6552872f0668f47ee9f41d6134ab0.html]
[github.com/stewartlord/identicon.js/pull/33.html]
[github.com/stewartlord/identicon.js/tree/359c665205a6552872f0668f47ee9f41d6134ab0.html]
[github.com/stewartlord/identicon.js/commit/62321ed6fc02717d734aac0b5a796e7dda2a8a29.html]
[github.com/stewartlord/identicon.js/pull/28.html]
[github.com/stewartlord/identicon.js/tree/62321ed6fc02717d734aac0b5a796e7dda2a8a29.html]
[github.com/stewartlord/identicon.js/commit/e7962df6e7ff9c53e1bfe63a7b50854534e720ef.html]
[github.com/stewartlord/identicon.js/pull/25.html]
[github.com/stewartlord/identicon.js/tree/e7962df6e7ff9c53e1bfe63a7b50854534e720ef.html]
[github.com/stewartlord/identicon.js/tree/f30051c119a4850a0761a7aa76723206a4cea010.html]
[github.com/stewartlord/identicon.js/commit/0a1b7c343365b6dcc842860fae59b1d0c90bfbd7.html]
[github.com/stewartlord/identicon.js/tree/0a1b7c343365b6dcc842860fae59b1d0c90bfbd7.html]
[github.com/stewartlord/identicon.js/commit/817a7e28cba66a6d3e58a2ef68671e2388847d86.html]
[github.com/stewartlord/identicon.js/pull/18.html]
[github.com/stewartlord/identicon.js/tree/817a7e28cba66a6d3e58a2ef68671e2388847d86.html]
[github.com/stewartlord/identicon.js/commit/a3c25777f233fa9147a03bcd4ed596fc0c0ce0e4.html]
[github.com/stewartlord/identicon.js/tree/a3c25777f233fa9147a03bcd4ed596fc0c0ce0e4.html]
[github.com/stewartlord/identicon.js/commit/181fb59538808cc2061226cc4f46ddac7bd49588.html]
[github.com/stewartlord/identicon.js/tree/181fb59538808cc2061226cc4f46ddac7bd49588.html]
[github.com/stewartlord/identicon.js/tree/032ac8bb711e4ecdebd7a8968d803725bba0ed6d.html]
[github.com/stewartlord/identicon.js/commit/c9304fadd0b30a2826dffc17cc28b3241833a34e.html]
[github.com/stewartlord/identicon.js/tree/c9304fadd0b30a2826dffc17cc28b3241833a34e.html]
[github.com/stewartlord/identicon.js/commit/4bd1fbeda18c66cdeb1126218678fc90401cd280.html]
[github.com/stewartlord/identicon.js/tree/4bd1fbeda18c66cdeb1126218678fc90401cd280.html]
[github.com/stewartlord/identicon.js/commit/c70d9a1dd7dc7fc34890cf7bc1653ae4f3b1d8e0.html]
[github.com/stewartlord/identicon.js/tree/c70d9a1dd7dc7fc34890cf7bc1653ae4f3b1d8e0.html]
[github.com/stewartlord/identicon.js/commit/7cbbb83502bc720cc05d38a1d606e447e7a9ae03.html]
[github.com/stewartlord/identicon.js/tree/7cbbb83502bc720cc05d38a1d606e447e7a9ae03.html]
[github.com/stewartlord/identicon.js/commit/e71375c0def024bad600a328f935735fc8aa312b.html]
[github.com/stewartlord/identicon.js/tree/e71375c0def024bad600a328f935735fc8aa312b.html]
[github.com/stewartlord/identicon.js/commit/580b8fb90f6b7ffd74a4818bb69f8c6fae966f81.html]
[github.com/stewartlord/identicon.js/pull/16.html]
[github.com/stewartlord/identicon.js/tree/580b8fb90f6b7ffd74a4818bb69f8c6fae966f81.html]
[github.com/stewartlord/identicon.js/commit/66eacbd02a59edead6c8d5cea9d6f6cf509e56f0.html]
[github.com/stewartlord/identicon.js/pull/14.html]
[github.com/stewartlord/identicon.js/tree/66eacbd02a59edead6c8d5cea9d6f6cf509e56f0.html]
[github.com/stewartlord/identicon.js/commit/5732032d5b6036590ffd21a66d596dd56344bc0e.html]
[github.com/stewartlord/identicon.js/tree/5732032d5b6036590ffd21a66d596dd56344bc0e.html]
[github.com/stewartlord/identicon.js/commit/7c4276cf4799eb475185ff8aa6a7487b37393ce1.html]
[github.com/stewartlord/identicon.js/tree/7c4276cf4799eb475185ff8aa6a7487b37393ce1.html]
[github.com/stewartlord/identicon.js/commit/67bf339c18e09c95388469339abbf77f3e8c188a.html]
[github.com/stewartlord/identicon.js/tree/67bf339c18e09c95388469339abbf77f3e8c188a.html]
[github.com/stewartlord/identicon.js/commit/34135c47eb33f95362e595fdf49bbe49f96ad75c.html]
[github.com/stewartlord/identicon.js/tree/34135c47eb33f95362e595fdf49bbe49f96ad75c.html]
[github.com/stewartlord/identicon.js/commit/7e48a6db69d7164ecc167deab94e8c17b499b1bb.html]
[github.com/stewartlord/identicon.js/tree/7e48a6db69d7164ecc167deab94e8c17b499b1bb.html]
[github.com/stewartlord/identicon.js/commitse500.html]
[github.com/stewartlord/identicon.js/commit/9db16af63c0ac9cb400b6241d6450b6ae2d30072.html]
[github.com/stewartlord/identicon.js/commitsa2da.html]
[github.com/stewartlord/identicon.js/tree/9db16af63c0ac9cb400b6241d6450b6ae2d30072.html]
[github.com/stewartlord/identicon.js/commit/f9983d70d92c419cda8644d114d835523fe65d45.html]
[github.com/stewartlord/identicon.js/tree/f9983d70d92c419cda8644d114d835523fe65d45.html]
[github.com/stewartlord/identicon.js/commit/98973cb4f99db1f4fe14ce2df112ee270de8e5ad.html]
[github.com/stewartlord/identicon.js/commitsf4fd.html]
[github.com/stewartlord/identicon.js/tree/98973cb4f99db1f4fe14ce2df112ee270de8e5ad.html]
[github.com/stewartlord/identicon.js/commit/096bda82e5a77246ea2f8e6cad14a14df4ce0242.html]
[github.com/stewartlord/identicon.js/tree/096bda82e5a77246ea2f8e6cad14a14df4ce0242.html]
[github.com/stewartlord/identicon.js/commit/dc90e0314391523948350f650c35d8ced352a675.html]
[github.com/stewartlord/identicon.js/commits0f31.html]
[github.com/stewartlord/identicon.js/tree/dc90e0314391523948350f650c35d8ced352a675.html]
[github.com/stewartlord/identicon.js/commit/e80c36c5ee03840bdae82b8b72716475a89e7d94.html]
[github.com/stewartlord/identicon.js/tree/e80c36c5ee03840bdae82b8b72716475a89e7d94.html]
[github.com/stewartlord/identicon.js/commits71f4.html]
[github.com/stewartlord/identicon.js/tree/5f1d8025a8fdac561999aeb406919ee26cb45a89.html]
[github.com/stewartlord/identicon.js/tree/9adf1d1f93eaf75bb78d8525684f0b409d889ee8.html]
[github.com/stewartlord/identicon.js/commit/700e36c304ddd4dbdf28e342f9899c49496afb5a.html]
[github.com/stewartlord/identicon.js/pull/27.html]
[github.com/stewartlord/identicon.js/issues/2.html]
[github.com/stewartlord/identicon.js/commitsf3cd.html]
[github.com/stewartlord/identicon.js/tree/700e36c304ddd4dbdf28e342f9899c49496afb5a.html]
[github.com/stewartlord/identicon.js/commit/b16fd63d8c061575ce30df76a89fcddf15e2a779.html]
[github.com/stewartlord/identicon.js/commits1109.html]
[github.com/stewartlord/identicon.js/tree/b16fd63d8c061575ce30df76a89fcddf15e2a779.html]
[github.com/stewartlord/identicon.js/tree/8cb95ccead86ba4bb3bea0f3bae1689c8fc3138a.html]
[github.com/stewartlord/identicon.js/commit/cfe91421ff80a916385e7c43a1a5aa596d3768f9.html]
[github.com/stewartlord/identicon.js/tree/cfe91421ff80a916385e7c43a1a5aa596d3768f9.html]
[github.com/stewartlord/identicon.js/commit/d2bca1e7bf3b963400653dc4469eb92bdc3aa56a.html]
[github.com/stewartlord/identicon.js/tree/d2bca1e7bf3b963400653dc4469eb92bdc3aa56a.html]
[github.com/stewartlord/identicon.js/commit/8ec4361dd0471d2a76dce6a0616ad5c19e6f3672.html]
[github.com/stewartlord/identicon.js/commits94ff.html]
[github.com/stewartlord/identicon.js/tree/8ec4361dd0471d2a76dce6a0616ad5c19e6f3672.html]
[github.com/stewartlord/identicon.js/commit/31565708b783228d0d3ee4ea79fb98c277b6bff9.html]
[github.com/stewartlord/identicon.js/tree/31565708b783228d0d3ee4ea79fb98c277b6bff9.html]
[github.com/stewartlord/identicon.js/commit/8bb210c3bc2ba6b1ed858c96a483bedac0f3e062.html]
[github.com/stewartlord/identicon.js/tree/8bb210c3bc2ba6b1ed858c96a483bedac0f3e062.html]
[github.com/stewartlord/identicon.js/commit/1d361bb0608613a9eb3239ea4ff5a133fdb830df.html]
[github.com/stewartlord/identicon.js/tree/1d361bb0608613a9eb3239ea4ff5a133fdb830df.html]
[github.com/stewartlord/identicon.js/commit/bd3d7e019022037bb926530eab09c98907c2ea0f.html]
[github.com/stewartlord/identicon.js/tree/bd3d7e019022037bb926530eab09c98907c2ea0f.html]
[github.com/stewartlord/identicon.js/commits/master3f98.html]
[github.com/stewartlord/identicon.js/blob/7063ae16142fd39d3563699b9af2dc321326ff52/.html]
